// Jest Snapshot v1, https://goo.gl/fbAQLP

exports[`Sports List Component matches snapshot 1`] = `
<div>
  <div>
    <div
      class="list row"
    >
      <div
        class="col-md-8"
      >
        <h1
          class="h4"
        >
          Sports List
        </h1>
        <ul
          class="list-group"
        >
          <a
            href="/sports/1"
          >
            <li
              class="list-group-item d-flex justify-content-between align-items-center"
            >
              Football
            </li>
          </a>
          <a
            href="/sports/2"
          >
            <li
              class="list-group-item d-flex justify-content-between align-items-center"
            >
              Tennis
            </li>
          </a>
        </ul>
      </div>
    </div>
  </div>
</div>
`;
